2024-09-04 11:54:11,983 - DEBUG - 2024-09-04 11:54:11.983378 - space mouse robot control program initiated
2024-09-04 11:57:50,301 - DEBUG - 2024-09-04 11:57:50.301779 - space mouse robot control program initiated
2024-09-04 16:14:44,951 - DEBUG - 2024-09-04 16:14:44.951394 - space mouse robot control program initiated
2024-09-04 16:20:11,914 - DEBUG - 2024-09-04 16:20:11.914605 - space mouse robot control program initiated
2024-09-04 16:22:30,259 - DEBUG - 2024-09-04 16:22:30.258801 - space mouse robot control program initiated
2024-09-04 16:23:07,089 - DEBUG - 2024-09-04 16:23:07.089683 - space mouse robot control program initiated
2024-09-04 16:28:10,032 - DEBUG - 2024-09-04 16:28:10.032316 - space mouse robot control program initiated
2024-09-10 16:05:10,343 - DEBUG - 2024-09-10 16:05:10.343747 - space mouse robot control program initiated
2024-09-10 16:06:58,824 - DEBUG - 2024-09-10 16:06:58.824372 - space mouse robot control program initiated
2024-09-10 16:12:57,495 - DEBUG - 2024-09-10 16:12:57.495078 - space mouse robot control program initiated
2024-09-10 17:42:22,050 - DEBUG - 2024-09-10 17:42:22.049961 - space mouse robot control program initiated
2024-09-11 14:33:52,962 - DEBUG - 2024-09-11 14:33:52.962213 - space mouse robot control program initiated
2024-09-11 14:39:19,955 - DEBUG - 2024-09-11 14:39:19.955687 - space mouse robot control program initiated
2024-09-12 14:16:04,654 - DEBUG - 2024-09-12 14:16:04.654406 - space mouse robot control program initiated
2024-09-12 14:16:43,386 - DEBUG - 2024-09-12 14:16:43.386633 - space mouse robot control program initiated
2024-09-12 14:35:39,219 - DEBUG - 2024-09-12 14:35:39.219801 - space mouse robot control program initiated
2024-09-12 14:36:35,089 - DEBUG - 2024-09-12 14:36:35.088987 - space mouse robot control program initiated
2024-09-12 14:38:22,427 - DEBUG - 2024-09-12 14:38:22.427301 - space mouse robot control program initiated
2024-09-12 14:53:49,808 - DEBUG - 2024-09-12 14:53:49.808531 - space mouse robot control program initiated
